// Jest Snapshot v1, https://goo.gl/fbAQLP

exports[`<Error /> should show correctly 1`] = `
<div
  className="makeStyles-error-1"
>
  <h3>
    Error
  </h3>
  <p>
    Lo sentimos ðŸ˜¢ El cÃ³digo postal no es de MÃ©xico o no es correcto. Intenta con otro ðŸ˜œ
  </p>
</div>
`;
